// Jest Snapshot v1, https://goo.gl/fbAQLP

exports[`joi2Types array 1`] = `"export type JoiTypes = any[];"`;

exports[`joi2Types array 2`] = `"export type JoiTypes = string[];"`;

exports[`joi2Types object 1`] = `
"/**
 * This is description
 */
export interface JoiTypes {
  bar?: boolean;
  foo?: {
    /**
     * this is foo_1
     */
    foo_1?: boolean;
    foo_2?: boolean;
    foo_3?: \\"browser\\" | \\"hash\\" | \\"memory\\";
  };
}"
`;

exports[`joi2Types string enum 1`] = `
"export type JoiTypes = \\"browser\\" | \\"hash\\" | \\"memory\\";
"
`;
